// Jest Snapshot v1, https://goo.gl/fbAQLP

exports[`App component renders correctly 1`] = `
<div
  className="app"
>
  <h3>
    App is running in
    <code
      className="env-label"
    >
      dev
    </code>
    environment.
  </h3>
  Hello react webpack!
</div>
`;
